------------------------------------------------------------
Timing Analyzer Summary
------------------------------------------------------------

Type  : Slow 1200mV 85C Model Setup 'Clk'
Slack : -0.777
TNS   : -0.777

Type  : Slow 1200mV 85C Model Setup 'inst'
Slack : -0.442
TNS   : -0.442

Type  : Slow 1200mV 85C Model Setup 'inst1'
Slack : -0.336
TNS   : -0.336

Type  : Slow 1200mV 85C Model Setup 'inst2'
Slack : 0.210
TNS   : 0.000

Type  : Slow 1200mV 85C Model Hold 'inst2'
Slack : 0.445
TNS   : 0.000

Type  : Slow 1200mV 85C Model Hold 'inst'
Slack : 0.515
TNS   : 0.000

Type  : Slow 1200mV 85C Model Hold 'inst1'
Slack : 0.533
TNS   : 0.000

Type  : Slow 1200mV 85C Model Hold 'Clk'
Slack : 0.716
TNS   : 0.000

Type  : Slow 1200mV 85C Model Minimum Pulse Width 'Clk'
Slack : -3.000
TNS   : -4.285

Type  : Slow 1200mV 85C Model Minimum Pulse Width 'inst'
Slack : -1.285
TNS   : -1.285

Type  : Slow 1200mV 85C Model Minimum Pulse Width 'inst1'
Slack : -1.285
TNS   : -1.285

Type  : Slow 1200mV 85C Model Minimum Pulse Width 'inst2'
Slack : -1.285
TNS   : -1.285

Type  : Slow 1200mV 0C Model Setup 'Clk'
Slack : -0.595
TNS   : -0.595

Type  : Slow 1200mV 0C Model Setup 'inst'
Slack : -0.363
TNS   : -0.363

Type  : Slow 1200mV 0C Model Setup 'inst1'
Slack : -0.275
TNS   : -0.275

Type  : Slow 1200mV 0C Model Setup 'inst2'
Slack : 0.297
TNS   : 0.000

Type  : Slow 1200mV 0C Model Hold 'inst2'
Slack : 0.398
TNS   : 0.000

Type  : Slow 1200mV 0C Model Hold 'inst'
Slack : 0.479
TNS   : 0.000

Type  : Slow 1200mV 0C Model Hold 'inst1'
Slack : 0.512
TNS   : 0.000

Type  : Slow 1200mV 0C Model Hold 'Clk'
Slack : 0.583
TNS   : 0.000

Type  : Slow 1200mV 0C Model Minimum Pulse Width 'Clk'
Slack : -3.000
TNS   : -4.285

Type  : Slow 1200mV 0C Model Minimum Pulse Width 'inst'
Slack : -1.285
TNS   : -1.285

Type  : Slow 1200mV 0C Model Minimum Pulse Width 'inst1'
Slack : -1.285
TNS   : -1.285

Type  : Slow 1200mV 0C Model Minimum Pulse Width 'inst2'
Slack : -1.285
TNS   : -1.285

Type  : Fast 1200mV 0C Model Setup 'Clk'
Slack : -0.247
TNS   : -0.247

Type  : Fast 1200mV 0C Model Setup 'inst'
Slack : 0.076
TNS   : 0.000

Type  : Fast 1200mV 0C Model Setup 'inst1'
Slack : 0.136
TNS   : 0.000

Type  : Fast 1200mV 0C Model Setup 'inst2'
Slack : 0.624
TNS   : 0.000

Type  : Fast 1200mV 0C Model Hold 'inst2'
Slack : 0.206
TNS   : 0.000

Type  : Fast 1200mV 0C Model Hold 'inst1'
Slack : 0.209
TNS   : 0.000

Type  : Fast 1200mV 0C Model Hold 'inst'
Slack : 0.213
TNS   : 0.000

Type  : Fast 1200mV 0C Model Hold 'Clk'
Slack : 0.448
TNS   : 0.000

Type  : Fast 1200mV 0C Model Minimum Pulse Width 'Clk'
Slack : -3.000
TNS   : -4.157

Type  : Fast 1200mV 0C Model Minimum Pulse Width 'inst'
Slack : -1.000
TNS   : -1.000

Type  : Fast 1200mV 0C Model Minimum Pulse Width 'inst1'
Slack : -1.000
TNS   : -1.000

Type  : Fast 1200mV 0C Model Minimum Pulse Width 'inst2'
Slack : -1.000
TNS   : -1.000

------------------------------------------------------------
